// Jest Snapshot v1, https://goo.gl/fbAQLP

exports[`<PrimaryInput /> Should render the component 1`] = `
<input
  className="sc-bdVaJa htCbLN"
  color="dark"
  type="text"
>
  My children
</input>
`;
