// Jest Snapshot v1, https://goo.gl/fbAQLP

exports[`<Form /> Should render the component 1`] = `
<form>
  My children
</form>
`;
