// Jest Snapshot v1, https://goo.gl/fbAQLP

exports[`<PrimaryButton /> Should render the component 1`] = `
<button
  className="sc-bdVaJa WCzAq"
  color="darkest"
  type="button"
>
  My children
</button>
`;
