// Jest Snapshot v1, https://goo.gl/fbAQLP

exports[`<SecondaryTitle /> Should render the component 1`] = `
<h2
  className="sc-bdVaJa eHfXKq"
>
  my children
</h2>
`;
