// Jest Snapshot v1, https://goo.gl/fbAQLP

exports[`<BoxError /> Should render the component 1`] = `
<div
  className="sc-bdVaJa exVGgo"
>
  My mesage
</div>
`;
