// Jest Snapshot v1, https://goo.gl/fbAQLP

exports[`<PrimaryTitle /> Should render the component 1`] = `
<h1
  className="sc-bdVaJa noaWR"
>
  my children
</h1>
`;
