// Jest Snapshot v1, https://goo.gl/fbAQLP

exports[`<Logo /> Should render the component 1`] = `
<img
  alt="Cuidas"
  className="sc-bdVaJa katCQl"
  src="logo.svg"
/>
`;
